Starting…
Running 'Verilator.Lint' at 'work/runs/m3_run/01-verilator-lint'…
Logging subprocess to [repr.filename]'work/runs/m3_run/01-verilator-lint/verilator-lint.log'[/repr.filename]…
Running 'Checker.LintTimingConstructs' at 'work/runs/m3_run/02-checker-linttimingconstructs'…
Check for Lint Timing Errors clear.
Running 'Checker.LintErrors' at 'work/runs/m3_run/03-checker-linterrors'…
Check for Lint errors clear.
Running 'Checker.LintWarnings' at 'work/runs/m3_run/04-checker-lintwarnings'…
449 Lint warnings found.
Running 'Yosys.JsonHeader' at 'work/runs/m3_run/05-yosys-jsonheader'…
Logging subprocess to [repr.filename]'work/runs/m3_run/05-yosys-jsonheader/yosys-jsonheader.log'[/repr.filename]…
Running 'Yosys.Synthesis' at 'work/runs/m3_run/06-yosys-synthesis'…
Logging subprocess to [repr.filename]'work/runs/m3_run/06-yosys-synthesis/yosys-synthesis.log'[/repr.filename]…
Parsing synthesis checks…
Running 'Checker.YosysUnmappedCells' at 'work/runs/m3_run/07-checker-yosysunmappedcells'…
Check for Unmapped Yosys instances clear.
Running 'Checker.YosysSynthChecks' at 'work/runs/m3_run/08-checker-yosyssynthchecks'…
Check for Yosys check errors clear.
Running 'Checker.NetlistAssignStatements' at 'work/runs/m3_run/09-checker-netlistassignstatements'…
Running 'OpenROAD.CheckSDCFiles' at 'work/runs/m3_run/10-openroad-checksdcfiles'…
'PNR_SDC_FILE' is not defined. Using generic fallback SDC for OpenROAD PnR steps.
'SIGNOFF_SDC_FILE' is not defined. Using generic fallback SDC for OpenROAD PnR steps.
Running 'OpenROAD.CheckMacroInstances' at 'work/runs/m3_run/11-openroad-checkmacroinstances'…
No macros found, skipping instance check…
Running 'OpenROAD.STAPrePNR' at 'work/runs/m3_run/12-openroad-staprepnr'…
Starting STA for the nom_tt_025C_1v80 timing corner…
Starting STA for the nom_ss_100C_1v60 timing corner…
Starting STA for the nom_ff_n40C_1v95 timing corner…
Skipping corner min_tt_025C_1v80 for STA (identical to nom_tt_025C_1v80 at this stage)…
Skipping corner min_ss_100C_1v60 for STA (identical to nom_ss_100C_1v60 at this stage)…
Skipping corner min_ff_n40C_1v95 for STA (identical to nom_ff_n40C_1v95 at this stage)…
Skipping corner max_tt_025C_1v80 for STA (identical to nom_tt_025C_1v80 at this stage)…
Skipping corner max_ss_100C_1v60 for STA (identical to nom_ss_100C_1v60 at this stage)…
Skipping corner max_ff_n40C_1v95 for STA (identical to nom_ff_n40C_1v95 at this stage)…
Logging subprocess to [repr.filename]'work/runs/m3_run/12-openroad-staprepnr/nom_tt_025C_1v80/sta.log'[/repr.filename]…
Logging subprocess to [repr.filename]'work/runs/m3_run/12-openroad-staprepnr/nom_ss_100C_1v60/sta.log'[/repr.filename]…
Logging subprocess to [repr.filename]'work/runs/m3_run/12-openroad-staprepnr/nom_ff_n40C_1v95/sta.log'[/repr.filename]…
Finished STA for the nom_ff_n40C_1v95 timing corner.
Finished STA for the nom_ss_100C_1v60 timing corner.
Finished STA for the nom_tt_025C_1v80 timing corner.
Running 'OpenROAD.Floorplan' at 'work/runs/m3_run/13-openroad-floorplan'…
Logging subprocess to [repr.filename]'work/runs/m3_run/13-openroad-floorplan/openroad-floorplan.log'[/repr.filename]…
Running 'Odb.CheckMacroAntennaProperties' at 'work/runs/m3_run/14-odb-checkmacroantennaproperties'…
No cells provided, skipping…
Running 'Odb.SetPowerConnections' at 'work/runs/m3_run/15-odb-setpowerconnections'…
Logging subprocess to [repr.filename]'work/runs/m3_run/15-odb-setpowerconnections/odb-setpowerconnections.log'[/repr.filename]…
Running 'Odb.ManualMacroPlacement' at 'work/runs/m3_run/16-odb-manualmacroplacement'…
No instances found, skipping 'Odb.ManualMacroPlacement'…
Running 'OpenROAD.CutRows' at 'work/runs/m3_run/17-openroad-cutrows'…
Logging subprocess to [repr.filename]'work/runs/m3_run/17-openroad-cutrows/openroad-cutrows.log'[/repr.filename]…
Running 'OpenROAD.TapEndcapInsertion' at 'work/runs/m3_run/18-openroad-tapendcapinsertion'…
Logging subprocess to [repr.filename]'work/runs/m3_run/18-openroad-tapendcapinsertion/openroad-tapendcapinsertion.log'[/repr.filename]…
Running 'Odb.AddPDNObstructions' at 'work/runs/m3_run/19-odb-addpdnobstructions'…
'PDN_OBSTRUCTIONS' is not defined. Skipping 'Odb.AddPDNObstructions'…
Running 'OpenROAD.GeneratePDN' at 'work/runs/m3_run/20-openroad-generatepdn'…
'FP_PDN_CFG' not explicitly set, setting it to /nix/store/r03b2vkxjqwgkkffyahfysb2fs40baai-python3-3.11.9-env/lib/python3.11/site-packages/openlane/scripts/openroad/common/pdn_cfg.tcl…
Logging subprocess to [repr.filename]'work/runs/m3_run/20-openroad-generatepdn/openroad-generatepdn.log'[/repr.filename]…
Running 'Odb.RemovePDNObstructions' at 'work/runs/m3_run/21-odb-removepdnobstructions'…
'PDN_OBSTRUCTIONS' is not defined. Skipping 'Odb.RemovePDNObstructions'…
Running 'Odb.AddRoutingObstructions' at 'work/runs/m3_run/22-odb-addroutingobstructions'…
'ROUTING_OBSTRUCTIONS' is not defined. Skipping 'Odb.AddRoutingObstructions'…
Running 'OpenROAD.GlobalPlacementSkipIO' at 'work/runs/m3_run/23-openroad-globalplacementskipio'…
Logging subprocess to [repr.filename]'work/runs/m3_run/23-openroad-globalplacementskipio/openroad-globalplacementskipio.log'[/repr.filename]…
[GPL-0301] Utilization 112.057 % exceeds 100%.
Starting…
Running 'Verilator.Lint' at 'work/runs/m3_run/24-verilator-lint'…
Logging subprocess to [repr.filename]'work/runs/m3_run/24-verilator-lint/verilator-lint.log'[/repr.filename]…
Running 'Checker.LintTimingConstructs' at 'work/runs/m3_run/25-checker-linttimingconstructs'…
Check for Lint Timing Errors clear.
Running 'Checker.LintErrors' at 'work/runs/m3_run/26-checker-linterrors'…
Check for Lint errors clear.
Running 'Checker.LintWarnings' at 'work/runs/m3_run/27-checker-lintwarnings'…
449 Lint warnings found.
Running 'Yosys.JsonHeader' at 'work/runs/m3_run/28-yosys-jsonheader'…
Logging subprocess to [repr.filename]'work/runs/m3_run/28-yosys-jsonheader/yosys-jsonheader.log'[/repr.filename]…
Running 'Yosys.Synthesis' at 'work/runs/m3_run/29-yosys-synthesis'…
Logging subprocess to [repr.filename]'work/runs/m3_run/29-yosys-synthesis/yosys-synthesis.log'[/repr.filename]…
Parsing synthesis checks…
Running 'Checker.YosysUnmappedCells' at 'work/runs/m3_run/30-checker-yosysunmappedcells'…
Check for Unmapped Yosys instances clear.
Running 'Checker.YosysSynthChecks' at 'work/runs/m3_run/31-checker-yosyssynthchecks'…
Check for Yosys check errors clear.
Running 'Checker.NetlistAssignStatements' at 'work/runs/m3_run/32-checker-netlistassignstatements'…
Running 'OpenROAD.CheckSDCFiles' at 'work/runs/m3_run/33-openroad-checksdcfiles'…
'PNR_SDC_FILE' is not defined. Using generic fallback SDC for OpenROAD PnR steps.
'SIGNOFF_SDC_FILE' is not defined. Using generic fallback SDC for OpenROAD PnR steps.
Running 'OpenROAD.CheckMacroInstances' at 'work/runs/m3_run/34-openroad-checkmacroinstances'…
No macros found, skipping instance check…
Running 'OpenROAD.STAPrePNR' at 'work/runs/m3_run/35-openroad-staprepnr'…
Starting STA for the nom_tt_025C_1v80 timing corner…
Starting STA for the nom_ss_100C_1v60 timing corner…
Starting STA for the nom_ff_n40C_1v95 timing corner…
Skipping corner min_tt_025C_1v80 for STA (identical to nom_tt_025C_1v80 at this stage)…
Skipping corner min_ss_100C_1v60 for STA (identical to nom_ss_100C_1v60 at this stage)…
Skipping corner min_ff_n40C_1v95 for STA (identical to nom_ff_n40C_1v95 at this stage)…
Skipping corner max_tt_025C_1v80 for STA (identical to nom_tt_025C_1v80 at this stage)…
Skipping corner max_ss_100C_1v60 for STA (identical to nom_ss_100C_1v60 at this stage)…
Skipping corner max_ff_n40C_1v95 for STA (identical to nom_ff_n40C_1v95 at this stage)…
Logging subprocess to [repr.filename]'work/runs/m3_run/35-openroad-staprepnr/nom_tt_025C_1v80/sta.log'[/repr.filename]…
Logging subprocess to [repr.filename]'work/runs/m3_run/35-openroad-staprepnr/nom_ff_n40C_1v95/sta.log'[/repr.filename]…
Logging subprocess to [repr.filename]'work/runs/m3_run/35-openroad-staprepnr/nom_ss_100C_1v60/sta.log'[/repr.filename]…
Finished STA for the nom_ff_n40C_1v95 timing corner.
Finished STA for the nom_tt_025C_1v80 timing corner.
Finished STA for the nom_ss_100C_1v60 timing corner.
Running 'OpenROAD.Floorplan' at 'work/runs/m3_run/36-openroad-floorplan'…
Logging subprocess to [repr.filename]'work/runs/m3_run/36-openroad-floorplan/openroad-floorplan.log'[/repr.filename]…
Running 'Odb.CheckMacroAntennaProperties' at 'work/runs/m3_run/37-odb-checkmacroantennaproperties'…
No cells provided, skipping…
Running 'Odb.SetPowerConnections' at 'work/runs/m3_run/38-odb-setpowerconnections'…
Logging subprocess to [repr.filename]'work/runs/m3_run/38-odb-setpowerconnections/odb-setpowerconnections.log'[/repr.filename]…
Running 'Odb.ManualMacroPlacement' at 'work/runs/m3_run/39-odb-manualmacroplacement'…
No instances found, skipping 'Odb.ManualMacroPlacement'…
Running 'OpenROAD.CutRows' at 'work/runs/m3_run/40-openroad-cutrows'…
Logging subprocess to [repr.filename]'work/runs/m3_run/40-openroad-cutrows/openroad-cutrows.log'[/repr.filename]…
Running 'OpenROAD.TapEndcapInsertion' at 'work/runs/m3_run/41-openroad-tapendcapinsertion'…
Logging subprocess to [repr.filename]'work/runs/m3_run/41-openroad-tapendcapinsertion/openroad-tapendcapinsertion.log'[/repr.filename]…
Running 'Odb.AddPDNObstructions' at 'work/runs/m3_run/42-odb-addpdnobstructions'…
'PDN_OBSTRUCTIONS' is not defined. Skipping 'Odb.AddPDNObstructions'…
Running 'OpenROAD.GeneratePDN' at 'work/runs/m3_run/43-openroad-generatepdn'…
'FP_PDN_CFG' not explicitly set, setting it to /nix/store/r03b2vkxjqwgkkffyahfysb2fs40baai-python3-3.11.9-env/lib/python3.11/site-packages/openlane/scripts/openroad/common/pdn_cfg.tcl…
Logging subprocess to [repr.filename]'work/runs/m3_run/43-openroad-generatepdn/openroad-generatepdn.log'[/repr.filename]…
Running 'Odb.RemovePDNObstructions' at 'work/runs/m3_run/44-odb-removepdnobstructions'…
'PDN_OBSTRUCTIONS' is not defined. Skipping 'Odb.RemovePDNObstructions'…
Running 'Odb.AddRoutingObstructions' at 'work/runs/m3_run/45-odb-addroutingobstructions'…
'ROUTING_OBSTRUCTIONS' is not defined. Skipping 'Odb.AddRoutingObstructions'…
Running 'OpenROAD.GlobalPlacementSkipIO' at 'work/runs/m3_run/46-openroad-globalplacementskipio'…
Logging subprocess to [repr.filename]'work/runs/m3_run/46-openroad-globalplacementskipio/openroad-globalplacementskipio.log'[/repr.filename]…
Running 'OpenROAD.IOPlacement' at 'work/runs/m3_run/47-openroad-ioplacement'…
Logging subprocess to [repr.filename]'work/runs/m3_run/47-openroad-ioplacement/openroad-ioplacement.log'[/repr.filename]…
Running 'Odb.CustomIOPlacement' at 'work/runs/m3_run/48-odb-customioplacement'…
No custom floorplan file configured, skipping…
Running 'Odb.ApplyDEFTemplate' at 'work/runs/m3_run/49-odb-applydeftemplate'…
No DEF template provided, skipping…
Running 'OpenROAD.GlobalPlacement' at 'work/runs/m3_run/50-openroad-globalplacement'…
Logging subprocess to [repr.filename]'work/runs/m3_run/50-openroad-globalplacement/openroad-globalplacement.log'[/repr.filename]…
Running 'Odb.WriteVerilogHeader' at 'work/runs/m3_run/51-odb-writeverilogheader'…
Logging subprocess to [repr.filename]'work/runs/m3_run/51-odb-writeverilogheader/odb-writeverilogheader.log'[/repr.filename]…
Running 'Checker.PowerGridViolations' at 'work/runs/m3_run/52-checker-powergridviolations'…
Check for power grid violations (as reported by OpenROAD PSM- you may ignore these if LVS passes) clear.
Running 'OpenROAD.STAMidPNR' at 'work/runs/m3_run/53-openroad-stamidpnr'…
Logging subprocess to [repr.filename]'work/runs/m3_run/53-openroad-stamidpnr/openroad-stamidpnr.log'[/repr.filename]…
[GRT-0097] No global routing found for nets.
Running 'OpenROAD.RepairDesignPostGPL' at 'work/runs/m3_run/54-openroad-repairdesignpostgpl'…
Logging subprocess to [repr.filename]'work/runs/m3_run/54-openroad-repairdesignpostgpl/openroad-repairdesignpostgpl.log'[/repr.filename]…
Running 'Odb.ManualGlobalPlacement' at 'work/runs/m3_run/55-odb-manualglobalplacement'…
'MANUAL_GLOBAL_PLACEMENTS' not set, skipping…
Running 'OpenROAD.DetailedPlacement' at 'work/runs/m3_run/56-openroad-detailedplacement'…
Logging subprocess to [repr.filename]'work/runs/m3_run/56-openroad-detailedplacement/openroad-detailedplacement.log'[/repr.filename]…
Running 'OpenROAD.CTS' at 'work/runs/m3_run/57-openroad-cts'…
Logging subprocess to [repr.filename]'work/runs/m3_run/57-openroad-cts/openroad-cts.log'[/repr.filename]…
Running 'OpenROAD.STAMidPNR-1' at 'work/runs/m3_run/58-openroad-stamidpnr-1'…
Logging subprocess to [repr.filename]'work/runs/m3_run/58-openroad-stamidpnr-1/openroad-stamidpnr-1.log'[/repr.filename]…
[GRT-0097] No global routing found for nets.
Running 'OpenROAD.ResizerTimingPostCTS' at 'work/runs/m3_run/59-openroad-resizertimingpostcts'…
Logging subprocess to [repr.filename]'work/runs/m3_run/59-openroad-resizertimingpostcts/openroad-resizertimingpostcts.log'[/repr.filename]…
[RSZ-0062] Unable to repair all setup violations.
Running 'OpenROAD.STAMidPNR-2' at 'work/runs/m3_run/60-openroad-stamidpnr-2'…
Logging subprocess to [repr.filename]'work/runs/m3_run/60-openroad-stamidpnr-2/openroad-stamidpnr-2.log'[/repr.filename]…
[GRT-0097] No global routing found for nets.
Running 'OpenROAD.GlobalRouting' at 'work/runs/m3_run/61-openroad-globalrouting'…
Logging subprocess to [repr.filename]'work/runs/m3_run/61-openroad-globalrouting/openroad-globalrouting.log'[/repr.filename]…
Running 'OpenROAD.CheckAntennas' at 'work/runs/m3_run/62-openroad-checkantennas'…
Logging subprocess to [repr.filename]'work/runs/m3_run/62-openroad-checkantennas/openroad-checkantennas.log'[/repr.filename]…
Gating variable for step 'OpenROAD.RepairDesignPostGRT' set to 'False'- the step will be skipped.
Skipping step 'Repair Design (Post-Global Routing)'…
Running 'Odb.DiodesOnPorts' at 'work/runs/m3_run/63-odb-diodesonports'…
'DIODE_ON_PORTS' is set to 'none': skipping…
Gating variable for step 'Odb.HeuristicDiodeInsertion' set to 'False'- the step will be skipped.
Skipping step 'Heuristic Diode Insertion'…
Running 'OpenROAD.RepairAntennas' at 'work/runs/m3_run/64-openroad-repairantennas'…
Running 'DiodeInsertion' at 'work/runs/m3_run/64-openroad-repairantennas/1-diodeinsertion'…
Logging subprocess to [repr.filename]'work/runs/m3_run/64-openroad-repairantennas/1-diodeinsertion/diodeinsertion.log'[/repr.filename]…
Running 'OpenROAD.CheckAntennas' at 'work/runs/m3_run/64-openroad-repairantennas/2-openroad-checkantennas'…
Logging subprocess to [repr.filename]'work/runs/m3_run/64-openroad-repairantennas/2-openroad-checkantennas/openroad-checkantennas.log'[/repr.filename]…
Gating variable for step 'OpenROAD.ResizerTimingPostGRT' set to 'False'- the step will be skipped.
Skipping step 'Resizer Timing Optimizations (Post-Global Routing)'…
Running 'OpenROAD.STAMidPNR-3' at 'work/runs/m3_run/65-openroad-stamidpnr-3'…
Logging subprocess to [repr.filename]'work/runs/m3_run/65-openroad-stamidpnr-3/openroad-stamidpnr-3.log'[/repr.filename]…
Running 'OpenROAD.DetailedRouting' at 'work/runs/m3_run/66-openroad-detailedrouting'…
Running TritonRoute with 8 threads…
Logging subprocess to [repr.filename]'work/runs/m3_run/66-openroad-detailedrouting/openroad-detailedrouting.log'[/repr.filename]…
[DRT-0349] LEF58_ENCLOSURE with no CUTCLASS is not supported. Skipping for layer mcon
[DRT-0349] LEF58_ENCLOSURE with no CUTCLASS is not supported. Skipping for layer mcon
[DRT-0349] LEF58_ENCLOSURE with no CUTCLASS is not supported. Skipping for layer via
[DRT-0349] LEF58_ENCLOSURE with no CUTCLASS is not supported. Skipping for layer via
[DRT-0349] LEF58_ENCLOSURE with no CUTCLASS is not supported. Skipping for layer via2
[DRT-0349] LEF58_ENCLOSURE with no CUTCLASS is not supported. Skipping for layer via2
[DRT-0349] LEF58_ENCLOSURE with no CUTCLASS is not supported. Skipping for layer via3
[DRT-0349] LEF58_ENCLOSURE with no CUTCLASS is not supported. Skipping for layer via3
[DRT-0349] LEF58_ENCLOSURE with no CUTCLASS is not supported. Skipping for layer via4
[DRT-0349] LEF58_ENCLOSURE with no CUTCLASS is not supported. Skipping for layer via4
Running 'Odb.RemoveRoutingObstructions' at 'work/runs/m3_run/67-odb-removeroutingobstructions'…
'ROUTING_OBSTRUCTIONS' is not defined. Skipping 'Odb.RemoveRoutingObstructions'…
Running 'OpenROAD.CheckAntennas-1' at 'work/runs/m3_run/68-openroad-checkantennas-1'…
Logging subprocess to [repr.filename]'work/runs/m3_run/68-openroad-checkantennas-1/openroad-checkantennas-1.log'[/repr.filename]…
Running 'Checker.TrDRC' at 'work/runs/m3_run/69-checker-trdrc'…
Check for Routing DRC errors clear.
Running 'Odb.ReportDisconnectedPins' at 'work/runs/m3_run/70-odb-reportdisconnectedpins'…
Logging subprocess to [repr.filename]'work/runs/m3_run/70-odb-reportdisconnectedpins/odb-reportdisconnectedpins.log'[/repr.filename]…
Running 'Checker.DisconnectedPins' at 'work/runs/m3_run/71-checker-disconnectedpins'…
Check for critical disconnected pins clear.
Running 'Odb.ReportWireLength' at 'work/runs/m3_run/72-odb-reportwirelength'…
Logging subprocess to [repr.filename]'work/runs/m3_run/72-odb-reportwirelength/odb-reportwirelength.log'[/repr.filename]…
Running 'Checker.WireLength' at 'work/runs/m3_run/73-checker-wirelength'…
Threshold for Threshold-surpassing long wires is not set. The checker will be skipped.
Running 'OpenROAD.FillInsertion' at 'work/runs/m3_run/74-openroad-fillinsertion'…
Logging subprocess to [repr.filename]'work/runs/m3_run/74-openroad-fillinsertion/openroad-fillinsertion.log'[/repr.filename]…
Running 'Odb.CellFrequencyTables' at 'work/runs/m3_run/75-odb-cellfrequencytables'…
Logging subprocess to [repr.filename]'work/runs/m3_run/75-odb-cellfrequencytables/buffer_list.txt'[/repr.filename]…
Logging subprocess to [repr.filename]'work/runs/m3_run/75-odb-cellfrequencytables/odb-cellfrequencytables.log'[/repr.filename]…
Running 'OpenROAD.RCX' at 'work/runs/m3_run/76-openroad-rcx'…
Running RCX for corners matching nom_* (/work/runs/m3_run/76-openroad-rcx/nom/rcx.log)…
Running RCX for corners matching min_* (/work/runs/m3_run/76-openroad-rcx/min/rcx.log)…
Running RCX for corners matching max_* (/work/runs/m3_run/76-openroad-rcx/max/rcx.log)…
Logging subprocess to [repr.filename]'work/runs/m3_run/76-openroad-rcx/nom/rcx.log'[/repr.filename]…
Logging subprocess to [repr.filename]'work/runs/m3_run/76-openroad-rcx/min/rcx.log'[/repr.filename]…
Logging subprocess to [repr.filename]'work/runs/m3_run/76-openroad-rcx/max/rcx.log'[/repr.filename]…
Finished RCX for corners matching min_*.
Finished RCX for corners matching nom_*.
Finished RCX for corners matching max_*.
Running 'OpenROAD.STAPostPNR' at 'work/runs/m3_run/77-openroad-stapostpnr'…
Starting STA for the nom_tt_025C_1v80 timing corner…
Starting STA for the nom_ss_100C_1v60 timing corner…
Starting STA for the nom_ff_n40C_1v95 timing corner…
Starting STA for the min_tt_025C_1v80 timing corner…
Starting STA for the min_ss_100C_1v60 timing corner…
Starting STA for the min_ff_n40C_1v95 timing corner…
Logging subprocess to [repr.filename]'work/runs/m3_run/77-openroad-stapostpnr/nom_tt_025C_1v80/sta.log'[/repr.filename]…
Starting STA for the max_tt_025C_1v80 timing corner…
Starting STA for the max_ss_100C_1v60 timing corner…
Logging subprocess to [repr.filename]'work/runs/m3_run/77-openroad-stapostpnr/nom_ss_100C_1v60/sta.log'[/repr.filename]…
Logging subprocess to [repr.filename]'work/runs/m3_run/77-openroad-stapostpnr/nom_ff_n40C_1v95/sta.log'[/repr.filename]…
Logging subprocess to [repr.filename]'work/runs/m3_run/77-openroad-stapostpnr/min_tt_025C_1v80/sta.log'[/repr.filename]…
Logging subprocess to [repr.filename]'work/runs/m3_run/77-openroad-stapostpnr/min_ss_100C_1v60/sta.log'[/repr.filename]…
Logging subprocess to [repr.filename]'work/runs/m3_run/77-openroad-stapostpnr/min_ff_n40C_1v95/sta.log'[/repr.filename]…
Logging subprocess to [repr.filename]'work/runs/m3_run/77-openroad-stapostpnr/max_ss_100C_1v60/sta.log'[/repr.filename]…
Logging subprocess to [repr.filename]'work/runs/m3_run/77-openroad-stapostpnr/max_tt_025C_1v80/sta.log'[/repr.filename]…
Finished STA for the nom_ss_100C_1v60 timing corner.
Logging subprocess to [repr.filename]'work/runs/m3_run/77-openroad-stapostpnr/nom_ss_100C_1v60/filter_unannotated.log'[/repr.filename]…
Finished STA for the min_ff_n40C_1v95 timing corner.
Logging subprocess to [repr.filename]'work/runs/m3_run/77-openroad-stapostpnr/min_ff_n40C_1v95/filter_unannotated.log'[/repr.filename]…
Finished STA for the max_tt_025C_1v80 timing corner.
Logging subprocess to [repr.filename]'work/runs/m3_run/77-openroad-stapostpnr/max_tt_025C_1v80/filter_unannotated.log'[/repr.filename]…
Finished STA for the min_ss_100C_1v60 timing corner.
Logging subprocess to [repr.filename]'work/runs/m3_run/77-openroad-stapostpnr/min_ss_100C_1v60/filter_unannotated.log'[/repr.filename]…
Finished STA for the nom_ff_n40C_1v95 timing corner.
Logging subprocess to [repr.filename]'work/runs/m3_run/77-openroad-stapostpnr/nom_ff_n40C_1v95/filter_unannotated.log'[/repr.filename]…
Finished STA for the min_tt_025C_1v80 timing corner.
Logging subprocess to [repr.filename]'work/runs/m3_run/77-openroad-stapostpnr/min_tt_025C_1v80/filter_unannotated.log'[/repr.filename]…
Finished STA for the max_ss_100C_1v60 timing corner.
Logging subprocess to [repr.filename]'work/runs/m3_run/77-openroad-stapostpnr/max_ss_100C_1v60/filter_unannotated.log'[/repr.filename]…
Finished STA for the nom_tt_025C_1v80 timing corner.
Logging subprocess to [repr.filename]'work/runs/m3_run/77-openroad-stapostpnr/nom_tt_025C_1v80/filter_unannotated.log'[/repr.filename]…
Starting STA for the max_ff_n40C_1v95 timing corner…
Logging subprocess to [repr.filename]'work/runs/m3_run/77-openroad-stapostpnr/max_ff_n40C_1v95/sta.log'[/repr.filename]…
Finished STA for the max_ff_n40C_1v95 timing corner.
Logging subprocess to [repr.filename]'work/runs/m3_run/77-openroad-stapostpnr/max_ff_n40C_1v95/filter_unannotated.log'[/repr.filename]…
Running 'OpenROAD.IRDropReport' at 'work/runs/m3_run/78-openroad-irdropreport'…
'VSRC_LOC_FILES' was not given a value, which may make the results of IR drop analysis inaccurate. If you are not integrating a top-level chip for manufacture, you may ignore this warning, otherwise, see the documentation for 'VSRC_LOC_FILES'.
Logging subprocess to [repr.filename]'work/runs/m3_run/78-openroad-irdropreport/openroad-irdropreport.log'[/repr.filename]…
[INFO PSM-0040] All shapes on net VPWR are connected.
########## IR report #################
Net              : VPWR
Corner           : nom_tt_025C_1v80
Supply voltage   : 1.80e+00 V
Worstcase voltage: 1.80e+00 V
Average voltage  : 1.80e+00 V
Average IR drop  : 1.37e-05 V
Worstcase IR drop: 7.20e-04 V
Percentage drop  : 0.04 %
######################################
[INFO PSM-0040] All shapes on net VGND are connected.
########## IR report #################
Net              : VGND
Corner           : nom_tt_025C_1v80
Supply voltage   : 0.00e+00 V
Worstcase voltage: 7.23e-04 V
Average voltage  : 1.36e-05 V
Average IR drop  : 1.36e-05 V
Worstcase IR drop: 7.23e-04 V
Percentage drop  : 0.04 %
######################################

Running 'Magic.StreamOut' at 'work/runs/m3_run/79-magic-streamout'…
Logging subprocess to [repr.filename]'work/runs/m3_run/79-magic-streamout/magic-streamout.log'[/repr.filename]…
Running 'KLayout.StreamOut' at 'work/runs/m3_run/80-klayout-streamout'…
Logging subprocess to [repr.filename]'work/runs/m3_run/80-klayout-streamout/klayout-streamout.log'[/repr.filename]…
Running 'Magic.WriteLEF' at 'work/runs/m3_run/81-magic-writelef'…
Logging subprocess to [repr.filename]'work/runs/m3_run/81-magic-writelef/magic-writelef.log'[/repr.filename]…
Running 'Odb.CheckDesignAntennaProperties' at 'work/runs/m3_run/82-odb-checkdesignantennaproperties'…
Logging subprocess to [repr.filename]'work/runs/m3_run/82-odb-checkdesignantennaproperties/odb-checkdesignantennaproperties.log'[/repr.filename]…
Cell 'conv2d_top' has (4) input pin(s) without antenna gate information. They might not be connected to a gate.
Cell 'conv2d_top' has (4) output pin(s) without antenna diffusion information. They might not be driven.
Running 'KLayout.XOR' at 'work/runs/m3_run/83-klayout-xor'…
Running XOR with 8 threads…
Logging subprocess to [repr.filename]'work/runs/m3_run/83-klayout-xor/klayout-xor.log'[/repr.filename]…
Running 'Checker.XOR' at 'work/runs/m3_run/84-checker-xor'…
Check for XOR differences clear.
Running 'Magic.DRC' at 'work/runs/m3_run/85-magic-drc'…
Logging subprocess to [repr.filename]'work/runs/m3_run/85-magic-drc/magic-drc.log'[/repr.filename]…
Running 'KLayout.DRC' at 'work/runs/m3_run/86-klayout-drc'…
Running KLayout DRC with 8 threads…
Logging subprocess to [repr.filename]'work/runs/m3_run/86-klayout-drc/klayout-drc.log'[/repr.filename]…
Logging subprocess to [repr.filename]'work/runs/m3_run/86-klayout-drc/xml_drc_report_to_json.log'[/repr.filename]…
Running 'Checker.MagicDRC' at 'work/runs/m3_run/87-checker-magicdrc'…
Check for Magic DRC errors clear.
Running 'Checker.KLayoutDRC' at 'work/runs/m3_run/88-checker-klayoutdrc'…
Check for KLayout DRC errors clear.
Running 'Magic.SpiceExtraction' at 'work/runs/m3_run/89-magic-spiceextraction'…
Logging subprocess to [repr.filename]'work/runs/m3_run/89-magic-spiceextraction/magic-spiceextraction.log'[/repr.filename]…
Running 'Checker.IllegalOverlap' at 'work/runs/m3_run/90-checker-illegaloverlap'…
Check for Magic Illegal Overlap errors clear.
Running 'Netgen.LVS' at 'work/runs/m3_run/91-netgen-lvs'…
Logging subprocess to [repr.filename]'work/runs/m3_run/91-netgen-lvs/netgen-lvs.log'[/repr.filename]…
Running 'Checker.LVS' at 'work/runs/m3_run/92-checker-lvs'…
Check for LVS errors clear.
Gating variable for step 'Yosys.EQY' set to 'False'- the step will be skipped.
Skipping step 'Equivalence Check'…
Running 'Checker.SetupViolations' at 'work/runs/m3_run/93-checker-setupviolations'…
Setup violations found in the following corners:
* max_ss_100C_1v60
* min_ss_100C_1v60
* nom_ss_100C_1v60
Running 'Checker.HoldViolations' at 'work/runs/m3_run/94-checker-holdviolations'…
Hold violations found in the following corners:
* max_ss_100C_1v60
* min_ss_100C_1v60
* nom_ss_100C_1v60
No hold violations found
Running 'Checker.MaxSlewViolations' at 'work/runs/m3_run/95-checker-maxslewviolations'…
Max Slew violations found in the following corners:
* max_ff_n40C_1v95
* max_ss_100C_1v60
* max_tt_025C_1v80
* min_ff_n40C_1v95
* min_ss_100C_1v60
* min_tt_025C_1v80
* nom_ff_n40C_1v95
* nom_ss_100C_1v60
* nom_tt_025C_1v80
No max slew violations found
Running 'Checker.MaxCapViolations' at 'work/runs/m3_run/96-checker-maxcapviolations'…
Max Cap violations found in the following corners:
* max_ff_n40C_1v95
* max_ss_100C_1v60
* max_tt_025C_1v80
* min_ff_n40C_1v95
* min_ss_100C_1v60
* min_tt_025C_1v80
* nom_ff_n40C_1v95
* nom_ss_100C_1v60
* nom_tt_025C_1v80
No max cap violations found
Running 'Misc.ReportManufacturability' at 'work/runs/m3_run/97-misc-reportmanufacturability'…
