142. Printing statistics.

=== conv2d_top ===

   Number of wires:              15685
   Number of wire bits:          16326
   Number of public wires:          67
   Number of public wire bits:     551
   Number of ports:                 21
   Number of port bits:            150
   Number of memories:               0
   Number of memory bits:            0
   Number of processes:              0
   Number of cells:              16035
     $_ANDNOT_                    4968
     $_AND_                        112
     $_MUX_                       1503
     $_NAND_                       220
     $_NOR_                        812
     $_NOT_                        751
     $_ORNOT_                      372
     $_OR_                        1765
     $_XNOR_                      1189
     $_XOR_                       3953
     sky130_fd_sc_hd__dfxtp_2      390

   Area for cell type $_NOT_ is unknown!
   Area for cell type $_AND_ is unknown!
   Area for cell type $_NAND_ is unknown!
   Area for cell type $_OR_ is unknown!
   Area for cell type $_NOR_ is unknown!
   Area for cell type $_XOR_ is unknown!
   Area for cell type $_XNOR_ is unknown!
   Area for cell type $_ANDNOT_ is unknown!
   Area for cell type $_ORNOT_ is unknown!
   Area for cell type $_MUX_ is unknown!

   Chip area for module '\conv2d_top': 8295.456000
     of which used for sequential elements: 8295.456000 (100.00%)

