136. Printing statistics.

=== conv2d_top ===

   Number of wires:              15227
   Number of wire bits:          15868
   Number of public wires:          67
   Number of public wire bits:     551
   Number of ports:                 21
   Number of port bits:            150
   Number of memories:               0
   Number of memory bits:            0
   Number of processes:              0
   Number of cells:              15577
     $_ANDNOT_                    4968
     $_AND_                        112
     $_DFFE_PP_                    304
     $_DFF_P_                        7
     $_MUX_                       1045
     $_NAND_                       220
     $_NOR_                        812
     $_NOT_                        751
     $_ORNOT_                      372
     $_OR_                        1765
     $_SDFFE_PP0P_                  75
     $_SDFF_PP0_                     4
     $_XNOR_                      1189
     $_XOR_                       3953

   Area for cell type $_NOT_ is unknown!
   Area for cell type $_AND_ is unknown!
   Area for cell type $_NAND_ is unknown!
   Area for cell type $_OR_ is unknown!
   Area for cell type $_NOR_ is unknown!
   Area for cell type $_XOR_ is unknown!
   Area for cell type $_XNOR_ is unknown!
   Area for cell type $_ANDNOT_ is unknown!
   Area for cell type $_ORNOT_ is unknown!
   Area for cell type $_MUX_ is unknown!
   Area for cell type $_DFF_P_ is unknown!
   Area for cell type $_DFFE_PP_ is unknown!
   Area for cell type $_SDFF_PP0_ is unknown!
   Area for cell type $_SDFFE_PP0P_ is unknown!

