150. Printing statistics.

=== conv2d_top ===

   Number of wires:              24324
   Number of wire bits:          24453
   Number of public wires:         393
   Number of public wire bits:     522
   Number of ports:                 21
   Number of port bits:            150
   Number of memories:               0
   Number of memory bits:            0
   Number of processes:              0
   Number of cells:              24346
     sky130_fd_sc_hd__a2111o_2      16
     sky130_fd_sc_hd__a2111oi_2      7
     sky130_fd_sc_hd__a211o_2      162
     sky130_fd_sc_hd__a211oi_2     102
     sky130_fd_sc_hd__a21bo_2       97
     sky130_fd_sc_hd__a21boi_2     196
     sky130_fd_sc_hd__a21o_2       937
     sky130_fd_sc_hd__a21oi_2     1625
     sky130_fd_sc_hd__a221o_2       83
     sky130_fd_sc_hd__a221oi_2      50
     sky130_fd_sc_hd__a22o_2       435
     sky130_fd_sc_hd__a22oi_2      384
     sky130_fd_sc_hd__a2bb2o_2     124
     sky130_fd_sc_hd__a2bb2oi_2    196
     sky130_fd_sc_hd__a311o_2       58
     sky130_fd_sc_hd__a311oi_2      15
     sky130_fd_sc_hd__a31o_2       685
     sky130_fd_sc_hd__a31oi_2      285
     sky130_fd_sc_hd__a32o_2       268
     sky130_fd_sc_hd__a32oi_2      118
     sky130_fd_sc_hd__a41o_2        46
     sky130_fd_sc_hd__a41oi_2       33
     sky130_fd_sc_hd__and2_2       160
     sky130_fd_sc_hd__and2b_2       98
     sky130_fd_sc_hd__and3_2       980
     sky130_fd_sc_hd__and3b_2       11
     sky130_fd_sc_hd__and4_2       196
     sky130_fd_sc_hd__and4b_2       30
     sky130_fd_sc_hd__and4bb_2       9
     sky130_fd_sc_hd__buf_2         23
     sky130_fd_sc_hd__conb_1         4
     sky130_fd_sc_hd__dfxtp_2      390
     sky130_fd_sc_hd__inv_2        495
     sky130_fd_sc_hd__mux2_1       261
     sky130_fd_sc_hd__mux4_2        10
     sky130_fd_sc_hd__nand2_2     1639
     sky130_fd_sc_hd__nand2b_2     149
     sky130_fd_sc_hd__nand3_2     2026
     sky130_fd_sc_hd__nand3b_2     283
     sky130_fd_sc_hd__nand4_2      864
     sky130_fd_sc_hd__nand4b_2      27
     sky130_fd_sc_hd__nor2_2       560
     sky130_fd_sc_hd__nor3_2        72
     sky130_fd_sc_hd__nor3b_2       16
     sky130_fd_sc_hd__nor4_2        13
     sky130_fd_sc_hd__o2111a_2     161
     sky130_fd_sc_hd__o2111ai_2    783
     sky130_fd_sc_hd__o211a_2      743
     sky130_fd_sc_hd__o211ai_2    2049
     sky130_fd_sc_hd__o21a_2       362
     sky130_fd_sc_hd__o21ai_2     1737
     sky130_fd_sc_hd__o21ba_2        5
     sky130_fd_sc_hd__o21bai_2     157
     sky130_fd_sc_hd__o221a_2      260
     sky130_fd_sc_hd__o221ai_2     353
     sky130_fd_sc_hd__o22a_2       314
     sky130_fd_sc_hd__o22ai_2      643
     sky130_fd_sc_hd__o2bb2a_2     130
     sky130_fd_sc_hd__o2bb2ai_2    895
     sky130_fd_sc_hd__o311a_2      313
     sky130_fd_sc_hd__o311ai_2      43
     sky130_fd_sc_hd__o31a_2       281
     sky130_fd_sc_hd__o31ai_2       42
     sky130_fd_sc_hd__o32a_2       166
     sky130_fd_sc_hd__o32ai_2       20
     sky130_fd_sc_hd__o41a_2        24
     sky130_fd_sc_hd__o41ai_2       15
     sky130_fd_sc_hd__or2_2        161
     sky130_fd_sc_hd__or3_2         81
     sky130_fd_sc_hd__or3b_2        46
     sky130_fd_sc_hd__or4_2        121
     sky130_fd_sc_hd__or4b_2        23
     sky130_fd_sc_hd__or4bb_2       12
     sky130_fd_sc_hd__xnor2_2       94
     sky130_fd_sc_hd__xor2_2        74

   Chip area for module '\conv2d_top': 254510.345600
     of which used for sequential elements: 8295.456000 (3.26%)

