
 /----------------------------------------------------------------------------\
 |                                                                            |
 |  yosys -- Yosys Open SYnthesis Suite                                       |
 |                                                                            |
 |  Copyright (C) 2012 - 2019  Clifford Wolf <clifford@clifford.at>           |
 |                                                                            |
 |  Permission to use, copy, modify, and/or distribute this software for any  |
 |  purpose with or without fee is hereby granted, provided that the above    |
 |  copyright notice and this permission notice appear in all copies.         |
 |                                                                            |
 |  THE SOFTWARE IS PROVIDED "AS IS" AND THE AUTHOR DISCLAIMS ALL WARRANTIES  |
 |  WITH REGARD TO THIS SOFTWARE INCLUDING ALL IMPLIED WARRANTIES OF          |
 |  MERCHANTABILITY AND FITNESS. IN NO EVENT SHALL THE AUTHOR BE LIABLE FOR   |
 |  ANY SPECIAL, DIRECT, INDIRECT, OR CONSEQUENTIAL DAMAGES OR ANY DAMAGES    |
 |  WHATSOEVER RESULTING FROM LOSS OF USE, DATA OR PROFITS, WHETHER IN AN     |
 |  ACTION OF CONTRACT, NEGLIGENCE OR OTHER TORTIOUS ACTION, ARISING OUT OF   |
 |  OR IN CONNECTION WITH THE USE OR PERFORMANCE OF THIS SOFTWARE.            |
 |                                                                            |
 \----------------------------------------------------------------------------/

 Yosys 0.9 (git sha1 1979e0b)


-- Executing script file `synth_timing.ys' --

1. Executing Verilog-2005 frontend: synth_top.sv
Parsing SystemVerilog input from `synth_top.sv' to AST representation.
Generating RTLIL representation for module `\conv2d_top'.
Generating RTLIL representation for module `\mac_array'.
Generating RTLIL representation for module `\requantizer'.
Successfully finished Verilog frontend.

2. Executing HIERARCHY pass (managing design hierarchy).

2.1. Analyzing design hierarchy..
Top module:  \conv2d_top
Used module:     \requantizer
Used module:     \mac_array

2.2. Analyzing design hierarchy..
Top module:  \conv2d_top
Used module:     \requantizer
Used module:     \mac_array
Removed 0 unused modules.

3. Executing PROC pass (convert processes to netlists).

3.1. Executing PROC_CLEAN pass (remove empty switches from decision trees).
Cleaned up 0 empty switches.

3.2. Executing PROC_RMDEAD pass (remove dead branches from decision trees).
Marked 3 switch rules as full_case in process $proc$synth_top.sv:29$115 in module requantizer.
Marked 1 switch rules as full_case in process $proc$synth_top.sv:25$105 in module mac_array.
Marked 4 switch rules as full_case in process $proc$synth_top.sv:14$23 in module conv2d_top.
Marked 1 switch rules as full_case in process $proc$synth_top.sv:13$18 in module conv2d_top.
Marked 3 switch rules as full_case in process $proc$synth_top.sv:12$9 in module conv2d_top.
Marked 4 switch rules as full_case in process $proc$synth_top.sv:11$7 in module conv2d_top.
Marked 1 switch rules as full_case in process $proc$synth_top.sv:10$6 in module conv2d_top.
Removed a total of 0 dead cases.

3.3. Executing PROC_INIT pass (extract init attributes).

3.4. Executing PROC_ARST pass (detect async resets in processes).

3.5. Executing PROC_MUX pass (convert decision trees to multiplexers).
Creating decoders for process `\requantizer.$proc$synth_top.sv:29$115'.
     1/1: $0\out_data[7:0]
Creating decoders for process `\mac_array.$proc$synth_top.sv:25$105'.
     1/1: $0\acc_out[31:0]
Creating decoders for process `\conv2d_top.$proc$synth_top.sv:14$23'.
     1/10: $0\reg_scale_shift[31:0]
     2/10: $0\reg_start[0:0]
     3/10: $0\s_axil_rvalid[0:0]
     4/10: $0\s_axil_rresp[1:0]
     5/10: $0\s_axil_rdata[31:0]
     6/10: $0\s_axil_arready[0:0]
     7/10: $0\s_axil_bvalid[0:0]
     8/10: $0\s_axil_bresp[1:0]
     9/10: $0\s_axil_awready[0:0]
    10/10: $0\s_axil_wready[0:0]
Creating decoders for process `\conv2d_top.$proc$synth_top.sv:13$18'.
     1/2: $0\busy[0:0]
     2/2: $0\done[0:0]
Creating decoders for process `\conv2d_top.$proc$synth_top.sv:12$9'.
     1/3: $0\oc_cnt[2:0]
     2/3: $0\w_cnt[4:0]
     3/3: $0\h_cnt[4:0]
Creating decoders for process `\conv2d_top.$proc$synth_top.sv:11$7'.
     1/5: $4\next_state[2:0]
     2/5: $3\next_state[2:0]
     3/5: $2\next_state[2:0]
     4/5: $1\next_state[2:0]
     5/5: $0\next_state[2:0]
Creating decoders for process `\conv2d_top.$proc$synth_top.sv:10$6'.
     1/1: $0\state[2:0]

3.6. Executing PROC_DLATCH pass (convert process syncs to latches).
No latch inferred for signal `\conv2d_top.\next_state' from process `\conv2d_top.$proc$synth_top.sv:11$7'.

3.7. Executing PROC_DFF pass (convert process syncs to FFs).
Creating register for signal `\requantizer.\out_data' using process `\requantizer.$proc$synth_top.sv:29$115'.
  created $dff cell `$procdff$257' with positive edge clock.
Creating register for signal `\mac_array.\acc_out' using process `\mac_array.$proc$synth_top.sv:25$105'.
  created $dff cell `$procdff$258' with positive edge clock.
Creating register for signal `\conv2d_top.\s_axil_wready' using process `\conv2d_top.$proc$synth_top.sv:14$23'.
  created $dff cell `$procdff$259' with positive edge clock.
Creating register for signal `\conv2d_top.\s_axil_awready' using process `\conv2d_top.$proc$synth_top.sv:14$23'.
  created $dff cell `$procdff$260' with positive edge clock.
Creating register for signal `\conv2d_top.\s_axil_bresp' using process `\conv2d_top.$proc$synth_top.sv:14$23'.
  created $dff cell `$procdff$261' with positive edge clock.
Creating register for signal `\conv2d_top.\s_axil_bvalid' using process `\conv2d_top.$proc$synth_top.sv:14$23'.
  created $dff cell `$procdff$262' with positive edge clock.
Creating register for signal `\conv2d_top.\s_axil_arready' using process `\conv2d_top.$proc$synth_top.sv:14$23'.
  created $dff cell `$procdff$263' with positive edge clock.
Creating register for signal `\conv2d_top.\s_axil_rdata' using process `\conv2d_top.$proc$synth_top.sv:14$23'.
  created $dff cell `$procdff$264' with positive edge clock.
Creating register for signal `\conv2d_top.\s_axil_rresp' using process `\conv2d_top.$proc$synth_top.sv:14$23'.
  created $dff cell `$procdff$265' with positive edge clock.
Creating register for signal `\conv2d_top.\s_axil_rvalid' using process `\conv2d_top.$proc$synth_top.sv:14$23'.
  created $dff cell `$procdff$266' with positive edge clock.
Creating register for signal `\conv2d_top.\reg_start' using process `\conv2d_top.$proc$synth_top.sv:14$23'.
  created $dff cell `$procdff$267' with positive edge clock.
Creating register for signal `\conv2d_top.\reg_scale_shift' using process `\conv2d_top.$proc$synth_top.sv:14$23'.
  created $dff cell `$procdff$268' with positive edge clock.
Creating register for signal `\conv2d_top.\done' using process `\conv2d_top.$proc$synth_top.sv:13$18'.
  created $dff cell `$procdff$269' with positive edge clock.
Creating register for signal `\conv2d_top.\busy' using process `\conv2d_top.$proc$synth_top.sv:13$18'.
  created $dff cell `$procdff$270' with positive edge clock.
Creating register for signal `\conv2d_top.\h_cnt' using process `\conv2d_top.$proc$synth_top.sv:12$9'.
  created $dff cell `$procdff$271' with positive edge clock.
Creating register for signal `\conv2d_top.\w_cnt' using process `\conv2d_top.$proc$synth_top.sv:12$9'.
  created $dff cell `$procdff$272' with positive edge clock.
Creating register for signal `\conv2d_top.\oc_cnt' using process `\conv2d_top.$proc$synth_top.sv:12$9'.
  created $dff cell `$procdff$273' with positive edge clock.
Creating register for signal `\conv2d_top.\state' using process `\conv2d_top.$proc$synth_top.sv:10$6'.
  created $dff cell `$procdff$274' with positive edge clock.

3.8. Executing PROC_CLEAN pass (remove empty switches from decision trees).
Found and cleaned up 4 empty switches in `\requantizer.$proc$synth_top.sv:29$115'.
Removing empty process `requantizer.$proc$synth_top.sv:29$115'.
Found and cleaned up 2 empty switches in `\mac_array.$proc$synth_top.sv:25$105'.
Removing empty process `mac_array.$proc$synth_top.sv:25$105'.
Found and cleaned up 7 empty switches in `\conv2d_top.$proc$synth_top.sv:14$23'.
Removing empty process `conv2d_top.$proc$synth_top.sv:14$23'.
Found and cleaned up 1 empty switch in `\conv2d_top.$proc$synth_top.sv:13$18'.
Removing empty process `conv2d_top.$proc$synth_top.sv:13$18'.
Found and cleaned up 4 empty switches in `\conv2d_top.$proc$synth_top.sv:12$9'.
Removing empty process `conv2d_top.$proc$synth_top.sv:12$9'.
Found and cleaned up 4 empty switches in `\conv2d_top.$proc$synth_top.sv:11$7'.
Removing empty process `conv2d_top.$proc$synth_top.sv:11$7'.
Found and cleaned up 1 empty switch in `\conv2d_top.$proc$synth_top.sv:10$6'.
Removing empty process `conv2d_top.$proc$synth_top.sv:10$6'.
Cleaned up 23 empty switches.

4. Executing OPT pass (performing simple optimizations).

4.1. Executing OPT_EXPR pass (perform const folding).
Optimizing module requantizer.
Optimizing module mac_array.
Optimizing module conv2d_top.
<suppressed ~23 debug messages>

4.2. Executing OPT_MERGE pass (detect identical cells).
Finding identical cells in module `\requantizer'.
Finding identical cells in module `\mac_array'.
Finding identical cells in module `\conv2d_top'.
<suppressed ~84 debug messages>
Removed a total of 28 cells.

4.3. Executing OPT_MUXTREE pass (detect dead branches in mux trees).
Running muxtree optimizer on module \requantizer..
  Creating internal representation of mux trees.
  Evaluating internal representation of mux trees.
  Analyzing evaluation results.
Running muxtree optimizer on module \mac_array..
  Creating internal representation of mux trees.
  Evaluating internal representation of mux trees.
  Analyzing evaluation results.
Running muxtree optimizer on module \conv2d_top..
  Creating internal representation of mux trees.
  Evaluating internal representation of mux trees.
  Analyzing evaluation results.
    dead port 2/2 on $mux $procmux$245.
    dead port 2/2 on $mux $procmux$235.
    dead port 2/2 on $mux $procmux$227.
Removed 3 multiplexer ports.
<suppressed ~19 debug messages>

4.4. Executing OPT_REDUCE pass (consolidate $*mux and $reduce_* inputs).
  Optimizing cells in module \requantizer.
  Optimizing cells in module \mac_array.
  Optimizing cells in module \conv2d_top.
Performed a total of 0 changes.

4.5. Executing OPT_MERGE pass (detect identical cells).
Finding identical cells in module `\requantizer'.
Finding identical cells in module `\mac_array'.
Finding identical cells in module `\conv2d_top'.
Removed a total of 0 cells.

4.6. Executing OPT_RMDFF pass (remove dff with constant values).
Removing $procdff$261 ($dff) from module conv2d_top.
Removing $procdff$265 ($dff) from module conv2d_top.
Replaced 2 DFF cells.

4.7. Executing OPT_CLEAN pass (remove unused cells and wires).
Finding unused cells or wires in module \requantizer..
Finding unused cells or wires in module \mac_array..
Finding unused cells or wires in module \conv2d_top..
Removed 49 unused cells and 184 unused wires.
<suppressed ~75 debug messages>

4.8. Executing OPT_EXPR pass (perform const folding).
Optimizing module conv2d_top.
Optimizing module mac_array.
Optimizing module requantizer.

4.9. Rerunning OPT passes. (Maybe there is more to do..)

4.10. Executing OPT_MUXTREE pass (detect dead branches in mux trees).
Running muxtree optimizer on module \conv2d_top..
  Creating internal representation of mux trees.
  Evaluating internal representation of mux trees.
  Analyzing evaluation results.
Running muxtree optimizer on module \mac_array..
  Creating internal representation of mux trees.
  Evaluating internal representation of mux trees.
  Analyzing evaluation results.
Running muxtree optimizer on module \requantizer..
  Creating internal representation of mux trees.
  Evaluating internal representation of mux trees.
  Analyzing evaluation results.
Removed 0 multiplexer ports.
<suppressed ~16 debug messages>

4.11. Executing OPT_REDUCE pass (consolidate $*mux and $reduce_* inputs).
  Optimizing cells in module \conv2d_top.
  Optimizing cells in module \mac_array.
  Optimizing cells in module \requantizer.
Performed a total of 0 changes.

4.12. Executing OPT_MERGE pass (detect identical cells).
Finding identical cells in module `\conv2d_top'.
Finding identical cells in module `\mac_array'.
Finding identical cells in module `\requantizer'.
Removed a total of 0 cells.

4.13. Executing OPT_RMDFF pass (remove dff with constant values).

4.14. Executing OPT_CLEAN pass (remove unused cells and wires).
Finding unused cells or wires in module \conv2d_top..
Finding unused cells or wires in module \mac_array..
Finding unused cells or wires in module \requantizer..

4.15. Executing OPT_EXPR pass (perform const folding).
Optimizing module conv2d_top.
Optimizing module mac_array.
Optimizing module requantizer.

4.16. Finished OPT passes. (There is nothing left to do.)

5. Executing TECHMAP pass (map to technology primitives).

5.1. Executing Verilog-2005 frontend: <techmap.v>
Parsing Verilog input from `<techmap.v>' to AST representation.
Generating RTLIL representation for module `\_90_simplemap_bool_ops'.
Generating RTLIL representation for module `\_90_simplemap_reduce_ops'.
Generating RTLIL representation for module `\_90_simplemap_logic_ops'.
Generating RTLIL representation for module `\_90_simplemap_compare_ops'.
Generating RTLIL representation for module `\_90_simplemap_various'.
Generating RTLIL representation for module `\_90_simplemap_registers'.
Generating RTLIL representation for module `\_90_shift_ops_shr_shl_sshl_sshr'.
Generating RTLIL representation for module `\_90_shift_shiftx'.
Generating RTLIL representation for module `\_90_fa'.
Generating RTLIL representation for module `\_90_lcu'.
Generating RTLIL representation for module `\_90_alu'.
Generating RTLIL representation for module `\_90_macc'.
Generating RTLIL representation for module `\_90_alumacc'.
Generating RTLIL representation for module `\$__div_mod_u'.
Generating RTLIL representation for module `\$__div_mod'.
Generating RTLIL representation for module `\_90_div'.
Generating RTLIL representation for module `\_90_mod'.
Generating RTLIL representation for module `\_90_pow'.
Generating RTLIL representation for module `\_90_pmux'.
Generating RTLIL representation for module `\_90_lut'.
Successfully finished Verilog frontend.

5.2. Continuing TECHMAP pass.
Using extmapper simplemap for cells of type $eq.
Using extmapper simplemap for cells of type $logic_and.
Using extmapper simplemap for cells of type $ne.
Using extmapper simplemap for cells of type $logic_or.
Running "alumacc" on wrapper $extern:wrap:$lt:A_SIGNED=0:A_WIDTH=5:B_SIGNED=0:B_WIDTH=32:Y_WIDTH=1:394426c56d1a028ba8fdd5469b163e04011def47.
Using template $extern:wrap:$lt:A_SIGNED=0:A_WIDTH=5:B_SIGNED=0:B_WIDTH=32:Y_WIDTH=1:394426c56d1a028ba8fdd5469b163e04011def47 for cells of type $extern:wrap:$lt:A_SIGNED=0:A_WIDTH=5:B_SIGNED=0:B_WIDTH=32:Y_WIDTH=1:394426c56d1a028ba8fdd5469b163e04011def47.
Running "alumacc" on wrapper $extern:wrap:$add:A_SIGNED=0:A_WIDTH=5:B_SIGNED=0:B_WIDTH=32:Y_WIDTH=32:394426c56d1a028ba8fdd5469b163e04011def47.
Using template $extern:wrap:$add:A_SIGNED=0:A_WIDTH=5:B_SIGNED=0:B_WIDTH=32:Y_WIDTH=32:394426c56d1a028ba8fdd5469b163e04011def47 for cells of type $extern:wrap:$add:A_SIGNED=0:A_WIDTH=5:B_SIGNED=0:B_WIDTH=32:Y_WIDTH=32:394426c56d1a028ba8fdd5469b163e04011def47.
Running "alumacc" on wrapper $extern:wrap:$add:A_SIGNED=0:A_WIDTH=3:B_SIGNED=0:B_WIDTH=32:Y_WIDTH=32:394426c56d1a028ba8fdd5469b163e04011def47.
Using template $extern:wrap:$add:A_SIGNED=0:A_WIDTH=3:B_SIGNED=0:B_WIDTH=32:Y_WIDTH=32:394426c56d1a028ba8fdd5469b163e04011def47 for cells of type $extern:wrap:$add:A_SIGNED=0:A_WIDTH=3:B_SIGNED=0:B_WIDTH=32:Y_WIDTH=32:394426c56d1a028ba8fdd5469b163e04011def47.
Using extmapper simplemap for cells of type $logic_not.
Using extmapper simplemap for cells of type $mux.
Using template $paramod\_90_pmux\WIDTH=3\S_WIDTH=5 for cells of type $pmux.
Using extmapper simplemap for cells of type $dff.
Using template $paramod\_90_alu\A_SIGNED=0\B_SIGNED=0\A_WIDTH=5\B_WIDTH=32\Y_WIDTH=32 for cells of type $alu.
Using extmapper simplemap for cells of type $not.
Using template $paramod\_90_alu\A_SIGNED=0\B_SIGNED=0\A_WIDTH=3\B_WIDTH=32\Y_WIDTH=32 for cells of type $alu.
Using extmapper simplemap for cells of type $reduce_or.
Using extmapper simplemap for cells of type $and.
Using extmapper simplemap for cells of type $xor.
Using template $paramod\_90_lcu\WIDTH=32 for cells of type $lcu.
Using extmapper simplemap for cells of type $pos.
Using extmapper simplemap for cells of type $or.
Using template $paramod$constmap:4621fcf06a436d1e2a4080e2ed9866a7d07a6e07$paramod$943af4e63d02cf420cf82d17400bd04ea07088b0\_90_shift_ops_shr_shl_sshl_sshr for cells of type $sshr.
Running "alumacc" on wrapper $extern:wrap:$gt:A_SIGNED=1:A_WIDTH=32:B_SIGNED=1:B_WIDTH=32:Y_WIDTH=1:394426c56d1a028ba8fdd5469b163e04011def47.
Using template $extern:wrap:$gt:A_SIGNED=1:A_WIDTH=32:B_SIGNED=1:B_WIDTH=32:Y_WIDTH=1:394426c56d1a028ba8fdd5469b163e04011def47 for cells of type $extern:wrap:$gt:A_SIGNED=1:A_WIDTH=32:B_SIGNED=1:B_WIDTH=32:Y_WIDTH=1:394426c56d1a028ba8fdd5469b163e04011def47.
Running "alumacc" on wrapper $extern:wrap:$lt:A_SIGNED=1:A_WIDTH=32:B_SIGNED=1:B_WIDTH=32:Y_WIDTH=1:394426c56d1a028ba8fdd5469b163e04011def47.
Using template $extern:wrap:$lt:A_SIGNED=1:A_WIDTH=32:B_SIGNED=1:B_WIDTH=32:Y_WIDTH=1:394426c56d1a028ba8fdd5469b163e04011def47 for cells of type $extern:wrap:$lt:A_SIGNED=1:A_WIDTH=32:B_SIGNED=1:B_WIDTH=32:Y_WIDTH=1:394426c56d1a028ba8fdd5469b163e04011def47.
Using extmapper simplemap for cells of type $reduce_and.
Using template $paramod\_90_alu\A_SIGNED=1\B_SIGNED=1\A_WIDTH=32\B_WIDTH=32\Y_WIDTH=32 for cells of type $alu.
Running "alumacc" on wrapper $extern:wrap:$mul:A_SIGNED=0:A_WIDTH=32:B_SIGNED=0:B_WIDTH=32:Y_WIDTH=32:394426c56d1a028ba8fdd5469b163e04011def47.
Using template $extern:wrap:$mul:A_SIGNED=0:A_WIDTH=32:B_SIGNED=0:B_WIDTH=32:Y_WIDTH=32:394426c56d1a028ba8fdd5469b163e04011def47 for cells of type $extern:wrap:$mul:A_SIGNED=0:A_WIDTH=32:B_SIGNED=0:B_WIDTH=32:Y_WIDTH=32:394426c56d1a028ba8fdd5469b163e04011def47.
Running "alumacc" on wrapper $extern:wrap:$add:A_SIGNED=1:A_WIDTH=32:B_SIGNED=1:B_WIDTH=32:Y_WIDTH=32:394426c56d1a028ba8fdd5469b163e04011def47.
Using template $extern:wrap:$add:A_SIGNED=1:A_WIDTH=32:B_SIGNED=1:B_WIDTH=32:Y_WIDTH=32:394426c56d1a028ba8fdd5469b163e04011def47 for cells of type $extern:wrap:$add:A_SIGNED=1:A_WIDTH=32:B_SIGNED=1:B_WIDTH=32:Y_WIDTH=32:394426c56d1a028ba8fdd5469b163e04011def47.
Using extmapper maccmap for cells of type $macc.
  add { \a1 [7] \a1 [7] \a1 [7] \a1 [7] \a1 [7] \a1 [7] \a1 [7] \a1 [7] \a1 [7] \a1 [7] \a1 [7] \a1 [7] \a1 [7] \a1 [7] \a1 [7] \a1 [7] \a1 [7] \a1 [7] \a1 [7] \a1 [7] \a1 [7] \a1 [7] \a1 [7] \a1 [7] \a1 } * { \b1 [7] \b1 [7] \b1 [7] \b1 [7] \b1 [7] \b1 [7] \b1 [7] \b1 [7] \b1 [7] \b1 [7] \b1 [7] \b1 [7] \b1 [7] \b1 [7] \b1 [7] \b1 [7] \b1 [7] \b1 [7] \b1 [7] \b1 [7] \b1 [7] \b1 [7] \b1 [7] \b1 [7] \b1 } (32x32 bits, unsigned)
  add { \a2 [7] \a2 [7] \a2 [7] \a2 [7] \a2 [7] \a2 [7] \a2 [7] \a2 [7] \a2 [7] \a2 [7] \a2 [7] \a2 [7] \a2 [7] \a2 [7] \a2 [7] \a2 [7] \a2 [7] \a2 [7] \a2 [7] \a2 [7] \a2 [7] \a2 [7] \a2 [7] \a2 [7] \a2 } * { \b2 [7] \b2 [7] \b2 [7] \b2 [7] \b2 [7] \b2 [7] \b2 [7] \b2 [7] \b2 [7] \b2 [7] \b2 [7] \b2 [7] \b2 [7] \b2 [7] \b2 [7] \b2 [7] \b2 [7] \b2 [7] \b2 [7] \b2 [7] \b2 [7] \b2 [7] \b2 [7] \b2 [7] \b2 } (32x32 bits, unsigned)
  add { \a3 [7] \a3 [7] \a3 [7] \a3 [7] \a3 [7] \a3 [7] \a3 [7] \a3 [7] \a3 [7] \a3 [7] \a3 [7] \a3 [7] \a3 [7] \a3 [7] \a3 [7] \a3 [7] \a3 [7] \a3 [7] \a3 [7] \a3 [7] \a3 [7] \a3 [7] \a3 [7] \a3 [7] \a3 } * { \b3 [7] \b3 [7] \b3 [7] \b3 [7] \b3 [7] \b3 [7] \b3 [7] \b3 [7] \b3 [7] \b3 [7] \b3 [7] \b3 [7] \b3 [7] \b3 [7] \b3 [7] \b3 [7] \b3 [7] \b3 [7] \b3 [7] \b3 [7] \b3 [7] \b3 [7] \b3 [7] \b3 [7] \b3 } (32x32 bits, unsigned)
  add { \a4 [7] \a4 [7] \a4 [7] \a4 [7] \a4 [7] \a4 [7] \a4 [7] \a4 [7] \a4 [7] \a4 [7] \a4 [7] \a4 [7] \a4 [7] \a4 [7] \a4 [7] \a4 [7] \a4 [7] \a4 [7] \a4 [7] \a4 [7] \a4 [7] \a4 [7] \a4 [7] \a4 [7] \a4 } * { \b4 [7] \b4 [7] \b4 [7] \b4 [7] \b4 [7] \b4 [7] \b4 [7] \b4 [7] \b4 [7] \b4 [7] \b4 [7] \b4 [7] \b4 [7] \b4 [7] \b4 [7] \b4 [7] \b4 [7] \b4 [7] \b4 [7] \b4 [7] \b4 [7] \b4 [7] \b4 [7] \b4 [7] \b4 } (32x32 bits, unsigned)
  add { \a5 [7] \a5 [7] \a5 [7] \a5 [7] \a5 [7] \a5 [7] \a5 [7] \a5 [7] \a5 [7] \a5 [7] \a5 [7] \a5 [7] \a5 [7] \a5 [7] \a5 [7] \a5 [7] \a5 [7] \a5 [7] \a5 [7] \a5 [7] \a5 [7] \a5 [7] \a5 [7] \a5 [7] \a5 } * { \b5 [7] \b5 [7] \b5 [7] \b5 [7] \b5 [7] \b5 [7] \b5 [7] \b5 [7] \b5 [7] \b5 [7] \b5 [7] \b5 [7] \b5 [7] \b5 [7] \b5 [7] \b5 [7] \b5 [7] \b5 [7] \b5 [7] \b5 [7] \b5 [7] \b5 [7] \b5 [7] \b5 [7] \b5 } (32x32 bits, unsigned)
  add { \a6 [7] \a6 [7] \a6 [7] \a6 [7] \a6 [7] \a6 [7] \a6 [7] \a6 [7] \a6 [7] \a6 [7] \a6 [7] \a6 [7] \a6 [7] \a6 [7] \a6 [7] \a6 [7] \a6 [7] \a6 [7] \a6 [7] \a6 [7] \a6 [7] \a6 [7] \a6 [7] \a6 [7] \a6 } * { \b6 [7] \b6 [7] \b6 [7] \b6 [7] \b6 [7] \b6 [7] \b6 [7] \b6 [7] \b6 [7] \b6 [7] \b6 [7] \b6 [7] \b6 [7] \b6 [7] \b6 [7] \b6 [7] \b6 [7] \b6 [7] \b6 [7] \b6 [7] \b6 [7] \b6 [7] \b6 [7] \b6 [7] \b6 } (32x32 bits, unsigned)
  add { \a7 [7] \a7 [7] \a7 [7] \a7 [7] \a7 [7] \a7 [7] \a7 [7] \a7 [7] \a7 [7] \a7 [7] \a7 [7] \a7 [7] \a7 [7] \a7 [7] \a7 [7] \a7 [7] \a7 [7] \a7 [7] \a7 [7] \a7 [7] \a7 [7] \a7 [7] \a7 [7] \a7 [7] \a7 } * { \b7 [7] \b7 [7] \b7 [7] \b7 [7] \b7 [7] \b7 [7] \b7 [7] \b7 [7] \b7 [7] \b7 [7] \b7 [7] \b7 [7] \b7 [7] \b7 [7] \b7 [7] \b7 [7] \b7 [7] \b7 [7] \b7 [7] \b7 [7] \b7 [7] \b7 [7] \b7 [7] \b7 [7] \b7 } (32x32 bits, unsigned)
  add { \a8 [7] \a8 [7] \a8 [7] \a8 [7] \a8 [7] \a8 [7] \a8 [7] \a8 [7] \a8 [7] \a8 [7] \a8 [7] \a8 [7] \a8 [7] \a8 [7] \a8 [7] \a8 [7] \a8 [7] \a8 [7] \a8 [7] \a8 [7] \a8 [7] \a8 [7] \a8 [7] \a8 [7] \a8 } * { \b8 [7] \b8 [7] \b8 [7] \b8 [7] \b8 [7] \b8 [7] \b8 [7] \b8 [7] \b8 [7] \b8 [7] \b8 [7] \b8 [7] \b8 [7] \b8 [7] \b8 [7] \b8 [7] \b8 [7] \b8 [7] \b8 [7] \b8 [7] \b8 [7] \b8 [7] \b8 [7] \b8 [7] \b8 } (32x32 bits, unsigned)
  add { \a0 [7] \a0 [7] \a0 [7] \a0 [7] \a0 [7] \a0 [7] \a0 [7] \a0 [7] \a0 [7] \a0 [7] \a0 [7] \a0 [7] \a0 [7] \a0 [7] \a0 [7] \a0 [7] \a0 [7] \a0 [7] \a0 [7] \a0 [7] \a0 [7] \a0 [7] \a0 [7] \a0 [7] \a0 } * { \b0 [7] \b0 [7] \b0 [7] \b0 [7] \b0 [7] \b0 [7] \b0 [7] \b0 [7] \b0 [7] \b0 [7] \b0 [7] \b0 [7] \b0 [7] \b0 [7] \b0 [7] \b0 [7] \b0 [7] \b0 [7] \b0 [7] \b0 [7] \b0 [7] \b0 [7] \b0 [7] \b0 [7] \b0 } (32x32 bits, unsigned)
Using template $paramod\_90_fa\WIDTH=32 for cells of type $fa.
Using template $paramod\_90_alu\A_SIGNED=0\B_SIGNED=0\A_WIDTH=32\B_WIDTH=32\Y_WIDTH=32 for cells of type $alu.
No more expansions possible.
<suppressed ~6345 debug messages>

6. Executing OPT pass (performing simple optimizations).

6.1. Executing OPT_EXPR pass (perform const folding).
Optimizing module conv2d_top.
<suppressed ~1263 debug messages>
Optimizing module mac_array.
<suppressed ~27243 debug messages>
Optimizing module requantizer.
<suppressed ~320 debug messages>

6.2. Executing OPT_MERGE pass (detect identical cells).
Finding identical cells in module `\conv2d_top'.
<suppressed ~117 debug messages>
Finding identical cells in module `\mac_array'.
<suppressed ~46386 debug messages>
Finding identical cells in module `\requantizer'.
<suppressed ~90 debug messages>
Removed a total of 15531 cells.

6.3. Executing OPT_MUXTREE pass (detect dead branches in mux trees).
Running muxtree optimizer on module \conv2d_top..
  Creating internal representation of mux trees.
  No muxes found in this module.
Running muxtree optimizer on module \mac_array..
  Creating internal representation of mux trees.
  No muxes found in this module.
Running muxtree optimizer on module \requantizer..
  Creating internal representation of mux trees.
  No muxes found in this module.
Removed 0 multiplexer ports.

6.4. Executing OPT_REDUCE pass (consolidate $*mux and $reduce_* inputs).
  Optimizing cells in module \conv2d_top.
  Optimizing cells in module \mac_array.
  Optimizing cells in module \requantizer.
Performed a total of 0 changes.

6.5. Executing OPT_MERGE pass (detect identical cells).
Finding identical cells in module `\conv2d_top'.
Finding identical cells in module `\mac_array'.
Finding identical cells in module `\requantizer'.
Removed a total of 0 cells.

6.6. Executing OPT_RMDFF pass (remove dff with constant values).

6.7. Executing OPT_CLEAN pass (remove unused cells and wires).
Finding unused cells or wires in module \conv2d_top..
Finding unused cells or wires in module \mac_array..
Finding unused cells or wires in module \requantizer..
Removed 1164 unused cells and 5116 unused wires.
<suppressed ~1167 debug messages>

6.8. Executing OPT_EXPR pass (perform const folding).
Optimizing module conv2d_top.
Optimizing module mac_array.
<suppressed ~9 debug messages>
Optimizing module requantizer.

6.9. Rerunning OPT passes. (Maybe there is more to do..)

6.10. Executing OPT_MUXTREE pass (detect dead branches in mux trees).
Running muxtree optimizer on module \conv2d_top..
  Creating internal representation of mux trees.
  No muxes found in this module.
Running muxtree optimizer on module \mac_array..
  Creating internal representation of mux trees.
  No muxes found in this module.
Running muxtree optimizer on module \requantizer..
  Creating internal representation of mux trees.
  No muxes found in this module.
Removed 0 multiplexer ports.

6.11. Executing OPT_REDUCE pass (consolidate $*mux and $reduce_* inputs).
  Optimizing cells in module \conv2d_top.
  Optimizing cells in module \mac_array.
  Optimizing cells in module \requantizer.
Performed a total of 0 changes.

6.12. Executing OPT_MERGE pass (detect identical cells).
Finding identical cells in module `\conv2d_top'.
Finding identical cells in module `\mac_array'.
Finding identical cells in module `\requantizer'.
Removed a total of 0 cells.

6.13. Executing OPT_RMDFF pass (remove dff with constant values).

6.14. Executing OPT_CLEAN pass (remove unused cells and wires).
Finding unused cells or wires in module \conv2d_top..
Finding unused cells or wires in module \mac_array..
Finding unused cells or wires in module \requantizer..

6.15. Executing OPT_EXPR pass (perform const folding).
Optimizing module conv2d_top.
Optimizing module mac_array.
Optimizing module requantizer.

6.16. Finished OPT passes. (There is nothing left to do.)

7. Printing statistics.

=== conv2d_top ===

   Number of wires:                124
   Number of wire bits:            693
   Number of public wires:          30
   Number of public wire bits:     173
   Number of memories:               4
   Number of memory bits:        84160
   Number of processes:              0
   Number of cells:                295
     $_AND_                         26
     $_DFF_P_                       56
     $_MUX_                        136
     $_NOT_                          9
     $_OR_                          41
     $_XOR_                         27

=== mac_array ===

   Number of wires:               2444
   Number of wire bits:          35461
   Number of public wires:          31
   Number of public wire bits:     467
   Number of memories:               0
   Number of memory bits:            0
   Number of processes:              0
   Number of cells:              13925
     $_AND_                       6150
     $_DFF_P_                       32
     $_MUX_                         64
     $_OR_                        2531
     $_XOR_                       5148

=== requantizer ===

   Number of wires:                118
   Number of wire bits:            586
   Number of public wires:           7
   Number of public wire bits:      80
   Number of memories:               0
   Number of memory bits:            0
   Number of processes:              0
   Number of cells:                368
     $_AND_                         98
     $_DFF_P_                        8
     $_MUX_                        187
     $_OR_                          37
     $_XOR_                         38

=== design hierarchy ===

   conv2d_top                        1

   Number of wires:                124
   Number of wire bits:            693
   Number of public wires:          30
   Number of public wire bits:     173
   Number of memories:               4
   Number of memory bits:        84160
   Number of processes:              0
   Number of cells:                295
     $_AND_                         26
     $_DFF_P_                       56
     $_MUX_                        136
     $_NOT_                          9
     $_OR_                          41
     $_XOR_                         27

End of script. Logfile hash: 79a6d30a2d
CPU: user 22.67s system 0.21s, MEM: 137.36 MB total, 120.76 MB resident
Yosys 0.9 (git sha1 1979e0b)
Time spent: 61% 7x opt_merge (13 sec), 16% 8x opt_expr (3 sec), ...
